// Jest Snapshot v1, https://goo.gl/fbAQLP

exports[`Country renders country details when countries data is available 1`] = `
<div>
  <div>
    Loading...
  </div>
</div>
`;
